[course.williamlin.io/index.html]
[backblue.gif]
[fade.gif]
[index.html]
[course.williamlin.io/favicon.ico]
[course.williamlin.io/_next/static/css/a123f669f90d8ed9bc67.css]
[course.williamlin.io/_next/static/chunks/main-0186a3c540b9859206b2.js]
[course.williamlin.io/_next/static/chunks/webpack-b665b44b4ec3859736cf.js]
[course.williamlin.io/_next/static/chunks/framework.0a9f20eff0752717cd72.js]
[course.williamlin.io/_next/static/chunks/commons.9528123feb626448eb3f.js]
[course.williamlin.io/_next/static/chunks/pages/_app-42be6ca5e3d007f4077a.js]
[course.williamlin.io/_next/static/chunks/40bd798154ac0e2f4fc6e3d669ebee3e5edd8ebc.85461a0a010364aec79a.js]
[course.williamlin.io/_next/static/chunks/pages/index-4f8c20dc6361b0bef856.js]
[course.williamlin.io/register]
[course.williamlin.io/story]
[course.williamlin.io/courseff.png]
[course.williamlin.io/_next/static/chunks/polyfills-526c8d3bfa37952c8205.js]
[course.williamlin.io/_next/static/O2c7n3qSlf9j0RcAgdfqE/_buildManifest.js]
[course.williamlin.io/_next/static/O2c7n3qSlf9j0RcAgdfqE/_ssgManifest.js]
[course.williamlin.io/index.html]
[course.williamlin.io/_next/static/css/a123f669f90d8ed9bc67.css]
[course.williamlin.io/register]
[course.williamlin.io/_next/static/chunks/pages/register-fa862259acd88dd7bb0b.js]
[course.williamlin.io/_next/static/chunks/pages/story-a7438b6fccb13a7c8870.js]
[course.williamlin.io/story]
[course.williamlin.io/result.html]
[course.williamlin.io/_next/static/chunks/pages/result-967b1e48d8b046d48f4b.js]
[course.williamlin.io/result.html]
